// Jest Snapshot v1, https://goo.gl/fbAQLP

exports[`App matches snapshot 1`] = `
.emotion-36 {
  width: 100%;
  height: 100%;
  display: -webkit-box;
  display: -webkit-flex;
  display: -ms-flexbox;
  display: flex;
  -webkit-align-items: center;
  -webkit-box-align: center;
  -ms-flex-align: center;
  align-items: center;
  -webkit-box-pack: center;
  -webkit-justify-content: center;
  -ms-flex-pack: center;
  justify-content: center;
}

.emotion-34 {
  margin: 0;
  padding: 0;
  width: 20em;
  display: -webkit-box;
  display: -webkit-flex;
  display: -ms-flexbox;
  display: flex;
  -webkit-flex-direction: column;
  -ms-flex-direction: column;
  flex-direction: column;
}

.emotion-10 {
  margin: 0;
  padding: 0;
  padding-top: 2em;
  border-bottom: 1px solid #adadad;
}

.emotion-10:first-of-type {
  padding-top: 0;
}

.emotion-10:last-of-type {
  border-bottom: 0;
}

.emotion-2 {
  font-size: 4em;
  color: var(--main-color);
  margin: 0 0 0.1em;
}

.emotion-0 {
  font-size: 0.4em;
  font-weight: normal;
  margin: 0 0.5em;
}

.emotion-4 {
  opacity: 1;
  border: none;
  border-radius: 0.5em;
  padding: 0.7em 1em;
  width: 100%;
  font-size: 1.3em;
  border: 1px solid #a2a2a2;
  -webkit-transition: opacity 200ms;
  transition: opacity 200ms;
}

.emotion-4:disabled {
  opacity: 0.7;
}

.emotion-6 {
  opacity: 1;
  border: none;
  border-radius: 0.5em;
  padding: 0.7em 1em;
  width: 100%;
  font-size: 1.3em;
  border: 1px solid #a2a2a2;
  -webkit-transition: opacity 200ms;
  transition: opacity 200ms;
  margin-top: 0.5em;
}

.emotion-6:disabled {
  opacity: 0.7;
}

.emotion-8 {
  height: 2em;
  margin-top: 0.5em;
}

.emotion-17 {
  overflow: hidden;
  position: relative;
  width: 100%;
  display: block;
  color: rgb(231,231,231);
  background-color: var(--main-color);
  font-size: 1.3em;
  padding: 0.7em 0;
  border-radius: 0.5em;
  border: 0;
  -webkit-transition: all 200ms;
  transition: all 200ms;
  cursor: pointer;
  text-align: center;
  width: 100%;
  border: 1px solid var(--main-color);
  opacity: 1;
  -webkit-transition: opacity 200ms;
  transition: opacity 200ms;
}

.emotion-17:hover {
  background-color: var(--secondary-color);
}

.emotion-17:active {
  background-color: var(--secondary-color-light);
  color: #333;
}

.emotion-16 {
  display: block;
  font-size: 999px;
  -webkit-filter: alpha(opacity=0);
  filter: alpha(opacity=0);
  min-height: 100%;
  min-width: 100%;
  opacity: 0;
  position: absolute;
  right: 0;
  text-align: right;
  top: 0;
  cursor: pointer;
}

.emotion-28 {
  width: 100%;
}

.emotion-27 {
  color: rgb(231,231,231);
  background-color: var(--main-color);
  font-size: 1.3em;
  padding: 0.7em 0;
  border-radius: 0.5em;
  border: 0;
  -webkit-transition: all 200ms;
  transition: all 200ms;
  cursor: pointer;
  text-align: center;
  width: 100%;
  border: 1px solid var(--main-color);
  opacity: 1;
  -webkit-transition: opacity 200ms;
  transition: opacity 200ms;
  cursor: default;
  opacity: 0.7;
}

.emotion-27:hover {
  background-color: var(--secondary-color);
}

.emotion-27:active {
  background-color: var(--secondary-color-light);
  color: #333;
}

.emotion-27:hover {
  background-color: var(--main-color);
}

.emotion-27:active {
  background-color: var(--main-color);
  color: #333;
}

<div
  class="emotion-36 emotion-37"
>
  <div
    class="emotion-34 emotion-35"
  >
    <div
      class="emotion-10 emotion-11"
    >
      <h1
        class="emotion-2 emotion-3"
      >
        1
        <span
          class="emotion-0 emotion-1"
        >
          ממלאים פרטים
        </span>
      </h1>
      <input
        class="emotion-4 emotion-5"
        id="collection"
        placeholder="שם האלבום"
        type="text"
        value=""
      />
      <input
        class="emotion-6 emotion-5"
        id="photographer"
        placeholder="שם הצלם"
        type="text"
        value=""
      />
      <div
        class="emotion-8 emotion-9"
      />
    </div>
    <div
      class="emotion-10 emotion-11"
    >
      <h1
        class="emotion-2 emotion-3"
      >
        2
        <span
          class="emotion-0 emotion-1"
        >
          בוחרים תמונות
        </span>
      </h1>
      <label
        class="emotion-17 emotion-18"
        for="uploader"
      >
        בחירת תמונות
        <input
          accept="image/*"
          class="emotion-16"
          id="uploader"
          multiple=""
          type="file"
        />
      </label>
      <div
        class="emotion-8 emotion-9"
      />
    </div>
    <div
      class="emotion-10 emotion-11"
    >
      <h1
        class="emotion-2 emotion-3"
      >
        3
        <span
          class="emotion-0 emotion-1"
        >
          מעלים
        </span>
      </h1>
      <div
        class="emotion-28 emotion-29"
      >
        <button
          class="emotion-27"
          data-testid="submit-button"
          disabled=""
        >
          העלאה
        </button>
      </div>
      <div
        class="emotion-8 emotion-9"
      />
    </div>
  </div>
</div>
`;
